INFO:     Started server process [2676]
INFO:     Waiting for application startup.
INFO:     Application startup complete.
INFO:     Uvicorn running on http://127.0.0.1:11235 (Press CTRL+C to quit)
[INIT].... → Crawl4AI 0.9.2 
[FETCH]... ↓ https://example.com                                                                                  | \u2713 | \u23f1: 4.58s 
[SCRAPE].. ◆ https://example.com                                                                                  | \u2713 | \u23f1: 0.00s 
[COMPLETE] ● https://example.com                                                                                  | \u2713 | \u23f1: 4.65s 
[INIT].... → Crawl4AI 0.9.2 
[FETCH]... ↓ https://metaso.cn/?q=地质灾害治理公司                                                                        | \u2713 | \u23f1: 60.76s 
[SCRAPE].. ◆ https://metaso.cn/?q=地质灾害治理公司                                                                        | \u2713 | \u23f1: 0.22s 
[COMPLETE] ● https://metaso.cn/?q=地质灾害治理公司                                                                        | \u2713 | \u23f1: 61.11s 
[INIT].... → Crawl4AI 0.9.2 
[FETCH]... ↓ https://www.baidu.com                                                                                | \u2713 | \u23f1: 17.12s 
[SCRAPE].. ◆ https://www.baidu.com                                                                                | \u2713 | \u23f1: 0.16s 
[COMPLETE] ● https://www.baidu.com                                                                                | \u2713 | \u23f1: 17.35s 
[INIT].... → Crawl4AI 0.9.2 
[ANTIBOT]. \u2139 https://metaso.cn/?q=地质灾害治理公司                      | Error: Proxy direct failed: Failed on navigating ACS-GOTO:
Page.goto: Timeout 60000ms exceeded.
Call log:
  - navigating to "https://metaso.cn/?q=%E5%9C%B0%E8%B4%A8%E7%81%BE%E5%AE%B3%E6%B2%BB%E7%90%86%E5%85%AC%E5%8F%B8", waiting until "networkidle"
 
[ERROR]... × https://metaso.cn/?q=地质灾害治理公司                      | Error: Unexpected error in _crawl_web at line 778 in _crawl_web 
(E:\Software\miniconda3\envs\GMI\Lib\site-packages\crawl4ai\async_crawler_strategy.py):
Error: Failed on navigating ACS-GOTO:
Page.goto: Timeout 60000ms exceeded.
Call log:
  - navigating to "https://metaso.cn/?q=%E5%9C%B0%E8%B4%A8%E7%81%BE%E5%AE%B3%E6%B2%BB%E7%90%86%E5%85%AC%E5%8F%B8", waiting until "networkidle"


Code context:
 773                                   tag="GOTO",
 774                                   params={"url": url},
 775                               )
 776                               response = None
 777                           else:
 778 →                             raise RuntimeError(f"Failed on navigating ACS-GOTO:\n{str(e)}")
 779   
 780                       # ──────────────────────────────────────────────────────────────
 781                       # Walk the redirect chain.  Playwright returns only the last
 782                       # hop, so we trace the `request.redirected_from` links until the
 783                       # first response that differs from the final one and surface its 
[INIT].... → Crawl4AI 0.9.2 
[FETCH]... ↓ https://metaso.cn/                                                                                   | \u2713 | \u23f1: 26.92s 
[SCRAPE].. ◆ https://metaso.cn/                                                                                   | \u2713 | \u23f1: 0.02s 
[COMPLETE] ● https://metaso.cn/                                                                                   | \u2713 | \u23f1: 26.96s 
[INIT].... → Crawl4AI 0.9.2 
[FETCH]... ↓ https://chat.baidu.com/search?word=地质灾害治理公司                                                          | \u2713 | \u23f1: 23.10s 
[SCRAPE].. ◆ https://chat.baidu.com/search?word=地质灾害治理公司                                                          | \u2713 | \u23f1: 0.08s 
[COMPLETE] ● https://chat.baidu.com/search?word=地质灾害治理公司                                                          | \u2713 | \u23f1: 23.19s 
